// Jest Snapshot v1, https://goo.gl/fbAQLP

exports[`match snapshot 1`] = `
@media (min-width:992px) {

}

@media (min-width:992px) {

}

@media (min-width:992px) {

}

@media (min-width:992px) {

}

@media (min-width:992px) {

}

@media (min-width:992px) {

}

<body>
  <div />
</body>
`;
