// Jest Snapshot v1, https://goo.gl/fbAQLP

exports[`renders with color danger 1`] = `
<DocumentFragment>
  .c0 {
  font-size: 1rem;
  font-weight: 600;
  text-transform: uppercase;
  padding: 12px 36px;
  cursor: pointer;
  background-color: #ff3d00;
  border: 2px solid #ff3d00;
  color: #212121;
}

.c0:disabled {
  opacity: 0.6;
  cursor: not-allowed;
}

.c0:hover:enabled {
  background-color: #b22a00;
  border: 2px solid #b22a00;
}

<button
    class="c0"
    color="danger"
    type="button"
  />
</DocumentFragment>
`;

exports[`renders with color default 1`] = `
<DocumentFragment>
  .c0 {
  font-size: 1rem;
  font-weight: 600;
  text-transform: uppercase;
  padding: 12px 36px;
  cursor: pointer;
  background-color: #e0e0e0;
  border: 2px solid #e0e0e0;
  color: #212121;
}

.c0:disabled {
  opacity: 0.6;
  cursor: not-allowed;
}

.c0:hover:enabled {
  background-color: #5a6268;
  border: 2px solid #5a6268;
}

<button
    class="c0"
    color="default"
    type="button"
  />
</DocumentFragment>
`;

exports[`renders with color primary 1`] = `
<DocumentFragment>
  .c0 {
  font-size: 1rem;
  font-weight: 600;
  text-transform: uppercase;
  padding: 12px 36px;
  cursor: pointer;
  background-color: #ffc107;
  border: 2px solid #ffc107;
  color: #212121;
}

.c0:disabled {
  opacity: 0.6;
  cursor: not-allowed;
}

.c0:hover:enabled {
  background-color: #c79100;
  border: 2px solid #c79100;
}

<button
    class="c0"
    color="primary"
    type="button"
  />
</DocumentFragment>
`;

exports[`renders with color primary and vairant link 1`] = `
<DocumentFragment>
  .c0 {
  font-size: 1rem;
  font-weight: 600;
  text-transform: uppercase;
  padding: 12px 36px;
  cursor: pointer;
  background-color: #ffc107;
  border: 2px solid #ffc107;
  color: #212121;
  background-color: transparent;
  border-color: transparent;
  color: #ffc107;
  padding-left: 0;
  padding-right: 0;
}

.c0:disabled {
  opacity: 0.6;
  cursor: not-allowed;
}

.c0:hover:enabled {
  background-color: #c79100;
  border: 2px solid #c79100;
}

.c0:hover:enabled {
  background-color: transparent;
  border-color: transparent;
  color: #c79100;
}

<button
    class="sc-AxjAm c0"
    color="primary"
    type="button"
  />
</DocumentFragment>
`;

exports[`renders with color primary and vairant outlined 1`] = `
<DocumentFragment>
  .c0 {
  font-size: 1rem;
  font-weight: 600;
  text-transform: uppercase;
  padding: 12px 36px;
  cursor: pointer;
  background-color: #ffc107;
  border: 2px solid #ffc107;
  color: #212121;
  background: transparent;
  color: #ffc107;
}

.c0:disabled {
  opacity: 0.6;
  cursor: not-allowed;
}

.c0:hover:enabled {
  background-color: #c79100;
  border: 2px solid #c79100;
}

.c0:hover:enabled {
  background-color: transparent;
  color: #c79100;
}

<button
    class="sc-AxjAm c0"
    color="primary"
    type="button"
  />
</DocumentFragment>
`;

exports[`renders with variant default 1`] = `
<DocumentFragment>
  .c0 {
  font-size: 1rem;
  font-weight: 600;
  text-transform: uppercase;
  padding: 12px 36px;
  cursor: pointer;
  background-color: #e0e0e0;
  border: 2px solid #e0e0e0;
  color: #212121;
}

.c0:disabled {
  opacity: 0.6;
  cursor: not-allowed;
}

.c0:hover:enabled {
  background-color: #5a6268;
  border: 2px solid #5a6268;
}

<button
    class="c0"
    color="default"
    type="button"
  />
</DocumentFragment>
`;

exports[`renders with variant link 1`] = `
<DocumentFragment>
  .c0 {
  font-size: 1rem;
  font-weight: 600;
  text-transform: uppercase;
  padding: 12px 36px;
  cursor: pointer;
  background-color: #e0e0e0;
  border: 2px solid #e0e0e0;
  color: #212121;
  background-color: transparent;
  border-color: transparent;
  color: #757575;
  padding-left: 0;
  padding-right: 0;
}

.c0:disabled {
  opacity: 0.6;
  cursor: not-allowed;
}

.c0:hover:enabled {
  background-color: #5a6268;
  border: 2px solid #5a6268;
}

.c0:hover:enabled {
  background-color: transparent;
  border-color: transparent;
  color: #5a6268;
}

<button
    class="sc-AxjAm c0"
    color="default"
    type="button"
  />
</DocumentFragment>
`;

exports[`renders with variant outlined 1`] = `
<DocumentFragment>
  .c0 {
  font-size: 1rem;
  font-weight: 600;
  text-transform: uppercase;
  padding: 12px 36px;
  cursor: pointer;
  background-color: #e0e0e0;
  border: 2px solid #e0e0e0;
  color: #212121;
  background: transparent;
  color: #212121;
}

.c0:disabled {
  opacity: 0.6;
  cursor: not-allowed;
}

.c0:hover:enabled {
  background-color: #5a6268;
  border: 2px solid #5a6268;
}

.c0:hover:enabled {
  background-color: transparent;
  color: #5a6268;
}

<button
    class="sc-AxjAm c0"
    color="default"
    type="button"
  />
</DocumentFragment>
`;
